// Jest Snapshot v1, https://goo.gl/fbAQLP

exports[`(Styleguide) Tooltip should mount 1`] = `
<Tooltip>
  <div>
    <div
      style={
        Object {
          "marginBottom": "1rem",
        }
      }
    >
      <WithWrapper
        onChange={[Function]}
        options={
          Array [
            Object {
              "text": "Top center",
              "value": "t",
            },
            Object {
              "text": "Top right",
              "value": "tr",
            },
            Object {
              "text": "Top left",
              "value": "tl",
            },
            Object {
              "text": "Bottom center",
              "value": "b",
            },
            Object {
              "text": "Bottom right",
              "value": "br",
            },
            Object {
              "text": "Bottom left",
              "value": "bl",
            },
            Object {
              "text": "Right center",
              "value": "r",
            },
            Object {
              "text": "Right top",
              "value": "rt",
            },
            Object {
              "text": "Right bottom",
              "value": "rb",
            },
            Object {
              "text": "Left center",
              "value": "l",
            },
            Object {
              "text": "Left top",
              "value": "lt",
            },
            Object {
              "text": "Left bottom",
              "value": "lb",
            },
          ]
        }
        selected="t"
      >
        <div
          className="wrapper hasValue selectWrapper"
        >
          <Select
            multiple={false}
            onChange={[Function]}
            onKeyUp={[Function]}
            options={
              Array [
                Object {
                  "text": "Top center",
                  "value": "t",
                },
                Object {
                  "text": "Top right",
                  "value": "tr",
                },
                Object {
                  "text": "Top left",
                  "value": "tl",
                },
                Object {
                  "text": "Bottom center",
                  "value": "b",
                },
                Object {
                  "text": "Bottom right",
                  "value": "br",
                },
                Object {
                  "text": "Bottom left",
                  "value": "bl",
                },
                Object {
                  "text": "Right center",
                  "value": "r",
                },
                Object {
                  "text": "Right top",
                  "value": "rt",
                },
                Object {
                  "text": "Right bottom",
                  "value": "rb",
                },
                Object {
                  "text": "Left center",
                  "value": "l",
                },
                Object {
                  "text": "Left top",
                  "value": "lt",
                },
                Object {
                  "text": "Left bottom",
                  "value": "lb",
                },
              ]
            }
            required={false}
            selected="t"
            size="medium"
          >
            <OutsideClickable
              onOutsideClick={[Function]}
            >
              <div
                className="select"
                key=".0"
                onClick={[Function]}
              >
                <div
                  className="selectInner"
                  onBlur={[Function]}
                  onFocus={[Function]}
                  tabIndex={0}
                >
                  <div
                    className="ph"
                  >
                    <Option
                      closeIcon={false}
                      key="t"
                      selected={false}
                      text="Top center"
                      value="t"
                    >
                      <div
                        className="option"
                        key="t"
                        onClick={[Function]}
                      >
                        <span
                          className="text"
                        >
                          Top center
                        </span>
                      </div>
                    </Option>
                  </div>
                  <div
                    className="options"
                  >
                    <Option
                      highlighted={true}
                      key="opt-t"
                      onClick={[Function]}
                      selected={true}
                      text="Top center"
                      tickIcon={false}
                      value="t"
                    >
                      <div
                        className="selected highlighted option"
                        key="t"
                        onClick={[Function]}
                      >
                        <span
                          className="text"
                        >
                          Top center
                        </span>
                      </div>
                    </Option>
                    <Option
                      highlighted={false}
                      key="opt-tr"
                      onClick={[Function]}
                      selected={false}
                      text="Top right"
                      tickIcon={false}
                      value="tr"
                    >
                      <div
                        className="option"
                        key="tr"
                        onClick={[Function]}
                      >
                        <span
                          className="text"
                        >
                          Top right
                        </span>
                      </div>
                    </Option>
                    <Option
                      highlighted={false}
                      key="opt-tl"
                      onClick={[Function]}
                      selected={false}
                      text="Top left"
                      tickIcon={false}
                      value="tl"
                    >
                      <div
                        className="option"
                        key="tl"
                        onClick={[Function]}
                      >
                        <span
                          className="text"
                        >
                          Top left
                        </span>
                      </div>
                    </Option>
                    <Option
                      highlighted={false}
                      key="opt-b"
                      onClick={[Function]}
                      selected={false}
                      text="Bottom center"
                      tickIcon={false}
                      value="b"
                    >
                      <div
                        className="option"
                        key="b"
                        onClick={[Function]}
                      >
                        <span
                          className="text"
                        >
                          Bottom center
                        </span>
                      </div>
                    </Option>
                    <Option
                      highlighted={false}
                      key="opt-br"
                      onClick={[Function]}
                      selected={false}
                      text="Bottom right"
                      tickIcon={false}
                      value="br"
                    >
                      <div
                        className="option"
                        key="br"
                        onClick={[Function]}
                      >
                        <span
                          className="text"
                        >
                          Bottom right
                        </span>
                      </div>
                    </Option>
                    <Option
                      highlighted={false}
                      key="opt-bl"
                      onClick={[Function]}
                      selected={false}
                      text="Bottom left"
                      tickIcon={false}
                      value="bl"
                    >
                      <div
                        className="option"
                        key="bl"
                        onClick={[Function]}
                      >
                        <span
                          className="text"
                        >
                          Bottom left
                        </span>
                      </div>
                    </Option>
                    <Option
                      highlighted={false}
                      key="opt-r"
                      onClick={[Function]}
                      selected={false}
                      text="Right center"
                      tickIcon={false}
                      value="r"
                    >
                      <div
                        className="option"
                        key="r"
                        onClick={[Function]}
                      >
                        <span
                          className="text"
                        >
                          Right center
                        </span>
                      </div>
                    </Option>
                    <Option
                      highlighted={false}
                      key="opt-rt"
                      onClick={[Function]}
                      selected={false}
                      text="Right top"
                      tickIcon={false}
                      value="rt"
                    >
                      <div
                        className="option"
                        key="rt"
                        onClick={[Function]}
                      >
                        <span
                          className="text"
                        >
                          Right top
                        </span>
                      </div>
                    </Option>
                    <Option
                      highlighted={false}
                      key="opt-rb"
                      onClick={[Function]}
                      selected={false}
                      text="Right bottom"
                      tickIcon={false}
                      value="rb"
                    >
                      <div
                        className="option"
                        key="rb"
                        onClick={[Function]}
                      >
                        <span
                          className="text"
                        >
                          Right bottom
                        </span>
                      </div>
                    </Option>
                    <Option
                      highlighted={false}
                      key="opt-l"
                      onClick={[Function]}
                      selected={false}
                      text="Left center"
                      tickIcon={false}
                      value="l"
                    >
                      <div
                        className="option"
                        key="l"
                        onClick={[Function]}
                      >
                        <span
                          className="text"
                        >
                          Left center
                        </span>
                      </div>
                    </Option>
                    <Option
                      highlighted={false}
                      key="opt-lt"
                      onClick={[Function]}
                      selected={false}
                      text="Left top"
                      tickIcon={false}
                      value="lt"
                    >
                      <div
                        className="option"
                        key="lt"
                        onClick={[Function]}
                      >
                        <span
                          className="text"
                        >
                          Left top
                        </span>
                      </div>
                    </Option>
                    <Option
                      highlighted={false}
                      key="opt-lb"
                      onClick={[Function]}
                      selected={false}
                      text="Left bottom"
                      tickIcon={false}
                      value="lb"
                    >
                      <div
                        className="option"
                        key="lb"
                        onClick={[Function]}
                      >
                        <span
                          className="text"
                        >
                          Left bottom
                        </span>
                      </div>
                    </Option>
                  </div>
                  <input
                    type="hidden"
                    value="t"
                  />
                </div>
              </div>
            </OutsideClickable>
          </Select>
        </div>
      </WithWrapper>
    </div>
    <Tooltip
      appearAfter={1000}
      arrowPosition="t"
      name="tooltip-styleguide"
    />
    <a
      href="#"
      onClick={[Function]}
    >
      Click to reset tooltip state
    </a>
  </div>
</Tooltip>
`;
