// Jest Snapshot v1, https://goo.gl/fbAQLP

exports[`(Component) Form handleSubmit should handle the submit event (error) 1`] = `
[MockFunction] {
  "calls": Array [
    Array [
      Object {
        "firstName": "abc",
      },
    ],
  ],
  "results": Array [
    Object {
      "type": "return",
      "value": Promise {},
    },
  ],
}
`;

exports[`(Component) Form handleSubmit should handle the submit event (success) 1`] = `
[MockFunction] {
  "calls": Array [
    Array [
      Object {
        "firstName": "abc",
      },
    ],
  ],
  "results": Array [
    Object {
      "type": "return",
      "value": Promise {},
    },
  ],
}
`;
