// Jest Snapshot v1, https://goo.gl/fbAQLP

exports[`(Component) InputCheckbox snapshot 1`] = `
<InputCheckbox
  checked={true}
  label="My label"
  value="Life is good"
>
  <span
    className={undefined}
    onClick={[Function]}
  >
    <input
      checked={true}
      onChange={[Function]}
      type="checkbox"
      value={undefined}
    />
    <span
      className={undefined}
    >
      My label
    </span>
  </span>
</InputCheckbox>
`;
