// Jest Snapshot v1, https://goo.gl/fbAQLP

exports[`(Component) InputRadioGroup should handle the change of the children states 1`] = `
<InputRadioGroup
  onChange={[Function]}
>
  <div>
    <InputRadio
      checked={false}
      key=".0"
      label="React.js"
      name="fmw"
      onChange={[Function]}
    >
      <span
        onClick={[Function]}
      >
        <input
          checked={false}
          name="fmw"
          onChange={[Function]}
          type="radio"
        />
        <span>
          React.js
        </span>
      </span>
    </InputRadio>
    <InputRadio
      checked={false}
      key=".1"
      label="Vue.js"
      name="fmw"
      onChange={[Function]}
    >
      <span
        onClick={[Function]}
      >
        <input
          checked={false}
          name="fmw"
          onChange={[Function]}
          type="radio"
        />
        <span>
          Vue.js
        </span>
      </span>
    </InputRadio>
    <InputRadio
      checked={true}
      key=".2"
      label="Angular.js"
      name="fmw"
      onChange={[Function]}
      value="ang"
    >
      <span
        onClick={[Function]}
      >
        <input
          checked={true}
          name="fmw"
          onChange={[Function]}
          type="radio"
        />
        <span>
          Angular.js
        </span>
      </span>
    </InputRadio>
  </div>
</InputRadioGroup>
`;
