// Jest Snapshot v1, https://goo.gl/fbAQLP

exports[`(Component) InputRadio snapshot 1`] = `
<WithWrapper
  name="input-name"
>
  <div
    className="wrapper"
  >
    <InputRadioGroup
      name="input-name"
      onChange={[Function]}
      onKeyUp={[Function]}
    >
      <div>
        <InputRadio
          checked={false}
          key=".0"
          label="My label"
          name="input-name"
          onChange={[Function]}
          value="Life is good"
        >
          <span
            className="cbLabel"
            onClick={[Function]}
          >
            <input
              checked={false}
              name="input-name"
              onChange={[Function]}
              type="radio"
            />
            <span
              className="labelText"
            >
              My label
            </span>
          </span>
        </InputRadio>
        <InputRadio
          checked={true}
          key=".1"
          label="My label"
          name="input-name"
          onChange={[Function]}
          value="Life is good"
        >
          <span
            className="cbLabel"
            onClick={[Function]}
          >
            <input
              checked={true}
              name="input-name"
              onChange={[Function]}
              type="radio"
            />
            <span
              className="labelText"
            >
              My label
            </span>
          </span>
        </InputRadio>
      </div>
    </InputRadioGroup>
  </div>
</WithWrapper>
`;
