// Jest Snapshot v1, https://goo.gl/fbAQLP

exports[`(Component) InputRadio snapshot 1`] = `
<InputRadio
  checked={true}
  label="My label"
  value="Life is good"
>
  <span
    onClick={[Function]}
  >
    <input
      checked={true}
      onChange={[Function]}
      type="radio"
    />
    <span>
      My label
    </span>
  </span>
</InputRadio>
`;
