// Jest Snapshot v1, https://goo.gl/fbAQLP

exports[`(Component) SelectOption [select] should trigger the onClick prop 1`] = `
<Option
  highlighted={true}
  icon={<Icon />}
  onClick={
    [MockFunction] {
      "calls": Array [
        Array [
          Object {
            "highlighted": true,
            "icon": <Icon />,
            "onClick": [MockFunction] {
              "calls": [Circular],
              "results": Array [
                Object {
                  "isThrow": false,
                  "value": undefined,
                },
              ],
            },
            "selected": true,
            "text": "my option",
          },
          Object {},
        ],
      ],
      "results": Array [
        Object {
          "isThrow": false,
          "value": undefined,
        },
      ],
    }
  }
  selected={true}
  text="my option"
>
  <div
    className=""
    onClick={[Function]}
  >
    <Icon>
      my-icon
    </Icon>
    <span>
      my option
    </span>
  </div>
</Option>
`;
