// Jest Snapshot v1, https://goo.gl/fbAQLP

exports[`(Styleguide) Form should match the snapshot 1`] = `
<Component>
  <Table>
    <table
      className=""
    >
      <Component>
        <tbody>
          <Component>
            <tr>
              <Component>
                <td>
                  <h3>
                    Inputs
                  </h3>
                </td>
              </Component>
              <Component
                colSpan={4}
              >
                <td
                  colSpan={4}
                >
                  <WithWrapper
                    label="Block text input"
                  >
                    <div
                      className="undefined"
                    >
                      <Input
                        onChange={[Function]}
                        type="text"
                        value=""
                      >
                        <input
                          onBlur={[Function]}
                          onChange={[Function]}
                          onKeyUp={[Function]}
                          type="text"
                          value=""
                        />
                      </Input>
                      <span>
                        Block text input
                      </span>
                    </div>
                  </WithWrapper>
                  <WithWrapper
                    inline={true}
                    label="Inline text input"
                  >
                    <div
                      className="undefined"
                    >
                      <Input
                        onChange={[Function]}
                        type="text"
                        value=""
                      >
                        <input
                          onBlur={[Function]}
                          onChange={[Function]}
                          onKeyUp={[Function]}
                          type="text"
                          value=""
                        />
                      </Input>
                      <span>
                        Inline text input
                      </span>
                    </div>
                  </WithWrapper>
                  <WithWrapper
                    label="Number"
                    max="1000"
                    min="100"
                    step="50"
                    type="number"
                    value="150"
                  >
                    <div
                      className="undefined"
                    >
                      <Input
                        max="1000"
                        min="100"
                        onChange={[Function]}
                        step="50"
                        type="number"
                        value="150"
                      >
                        <input
                          max="1000"
                          min="100"
                          onBlur={[Function]}
                          onChange={[Function]}
                          onKeyUp={[Function]}
                          step="50"
                          type="number"
                          value="150"
                        />
                      </Input>
                      <span>
                        Number
                      </span>
                    </div>
                  </WithWrapper>
                  <WithWrapper
                    label="Password"
                    type="password"
                  >
                    <div
                      className="undefined"
                    >
                      <Input
                        onChange={[Function]}
                        type="password"
                        value=""
                      >
                        <input
                          onBlur={[Function]}
                          onChange={[Function]}
                          onKeyUp={[Function]}
                          type="password"
                          value=""
                        />
                      </Input>
                      <span>
                        Password
                      </span>
                    </div>
                  </WithWrapper>
                  <WithWrapper
                    label="Email"
                    type="email"
                  >
                    <div
                      className="undefined"
                    >
                      <Input
                        onChange={[Function]}
                        type="email"
                        value=""
                      >
                        <input
                          onBlur={[Function]}
                          onChange={[Function]}
                          onKeyUp={[Function]}
                          type="email"
                          value=""
                        />
                      </Input>
                      <span>
                        Email
                      </span>
                    </div>
                  </WithWrapper>
                  <WithWrapper
                    label="Phone"
                    type="phone"
                  >
                    <div
                      className="undefined"
                    >
                      <Input
                        onChange={[Function]}
                        type="phone"
                        value=""
                      >
                        <input
                          onBlur={[Function]}
                          onChange={[Function]}
                          onKeyUp={[Function]}
                          type="phone"
                          value=""
                        />
                      </Input>
                      <span>
                        Phone
                      </span>
                    </div>
                  </WithWrapper>
                </td>
              </Component>
            </tr>
          </Component>
          <Component>
            <tr>
              <Component>
                <td>
                  <h3>
                    Slider
                  </h3>
                </td>
              </Component>
              <Component
                colSpan={4}
              >
                <td
                  colSpan={4}
                >
                  <div
                    style={
                      Object {
                        "marginBottom": "4rem",
                        "marginTop": "2rem",
                      }
                    }
                  >
                    <WithWrapper
                      label="Slider with step 750"
                      max={10000}
                      min={1000}
                      minDistance={2000}
                      multiple={true}
                      prefix={
                        Array [
                          "From ",
                          "To ",
                        ]
                      }
                      step={750}
                      suffix=".-"
                      values={
                        Array [
                          1300,
                          5780,
                        ]
                      }
                    >
                      <div
                        className=""
                      >
                        <Slider
                          crossThumbs={false}
                          label="Slider with step 750"
                          max={10000}
                          min={1000}
                          minDistance={2000}
                          mouseThreshold={50}
                          multiple={true}
                          onChange={[Function]}
                          prefix={
                            Array [
                              "From ",
                              "To ",
                            ]
                          }
                          step={750}
                          suffix=".-"
                          template=""
                          values={
                            Array [
                              1300,
                              5780,
                            ]
                          }
                        >
                          <span>
                            <span>
                              <span>
                                Slider with step 750
                              </span>
                              <span
                                key="minval"
                              >
                                From  1300 .
                              </span>
                              <span
                                key="maxval"
                              >
                                To  5780 -
                              </span>
                            </span>
                            <span
                              key="min"
                              name="min"
                              onMouseDown={[Function]}
                              onTouchMove={[Function]}
                              onTouchStart={[Function]}
                              style={
                                Object {
                                  "left": "3.3333333333333335%",
                                }
                              }
                              tabIndex={1}
                            />
                            <input
                              key="hidden-min"
                              type="hidden"
                              value={
                                Object {
                                  "input": undefined,
                                  "position": 3.3333333333333335,
                                  "range": 1000,
                                  "value": 1300,
                                }
                              }
                            />
                            <span
                              key="max"
                              name="max"
                              onMouseDown={[Function]}
                              onTouchMove={[Function]}
                              onTouchStart={[Function]}
                              style={
                                Object {
                                  "left": "53.111111111111114%",
                                }
                              }
                              tabIndex={1}
                            />
                            <input
                              key="hidden-max"
                              type="hidden"
                              value={
                                Object {
                                  "input": undefined,
                                  "position": 53.111111111111114,
                                  "range": 10000,
                                  "value": 5780,
                                }
                              }
                            />
                          </span>
                        </Slider>
                      </div>
                    </WithWrapper>
                  </div>
                  <div
                    style={
                      Object {
                        "marginBottom": "4rem",
                        "marginTop": "2rem",
                      }
                    }
                  >
                    <WithWrapper
                      label="Slider single"
                      range={
                        Array [
                          Object {
                            "label": "OMG! SAVAS <3",
                            "value": "1",
                          },
                          Object {
                            "label": "Wow! Savas is great",
                            "value": "2",
                          },
                          Object {
                            "label": "It is great, Thanks Savas ",
                            "value": "3",
                          },
                          Object {
                            "label": "I like it very much, Savas is fantastic",
                            "value": "4",
                          },
                          Object {
                            "label": "I love it, Savas is awesome.",
                            "value": "5",
                          },
                        ]
                      }
                      values={
                        Array [
                          "5",
                        ]
                      }
                    >
                      <div
                        className=""
                      >
                        <Slider
                          crossThumbs={false}
                          label="Slider single"
                          minDistance={10}
                          mouseThreshold={50}
                          onChange={[Function]}
                          prefix=""
                          range={
                            Array [
                              Object {
                                "label": "OMG! SAVAS <3",
                                "value": "1",
                              },
                              Object {
                                "label": "Wow! Savas is great",
                                "value": "2",
                              },
                              Object {
                                "label": "It is great, Thanks Savas ",
                                "value": "3",
                              },
                              Object {
                                "label": "I like it very much, Savas is fantastic",
                                "value": "4",
                              },
                              Object {
                                "label": "I love it, Savas is awesome.",
                                "value": "5",
                              },
                            ]
                          }
                          suffix=""
                          template=""
                          values={
                            Array [
                              "5",
                            ]
                          }
                        >
                          <span>
                            <span>
                              <span>
                                Slider single
                              </span>
                              <span
                                key="minval"
                              >
                                I love it, Savas is awesome.
                              </span>
                            </span>
                            <span
                              key="min"
                              name="min"
                              onMouseDown={[Function]}
                              onTouchMove={[Function]}
                              onTouchStart={[Function]}
                              style={
                                Object {
                                  "left": "100%",
                                }
                              }
                              tabIndex={1}
                            />
                            <input
                              key="hidden-min"
                              type="hidden"
                              value={
                                Object {
                                  "input": undefined,
                                  "position": 100,
                                  "range": 1,
                                  "value": 5,
                                }
                              }
                            />
                          </span>
                        </Slider>
                      </div>
                    </WithWrapper>
                  </div>
                  <div
                    style={
                      Object {
                        "marginBottom": "4rem",
                        "marginTop": "2rem",
                      }
                    }
                  >
                    <WithWrapper
                      label="Slider with array values"
                      minDistance={1}
                      multiple={true}
                      prefix={
                        Array [
                          "From ",
                          "To ",
                        ]
                      }
                      range={
                        Array [
                          Object {
                            "label": "CHF 25",
                            "value": "1",
                          },
                          Object {
                            "label": "CHF 35",
                            "value": "2",
                          },
                          Object {
                            "label": "CHF 50",
                            "value": "3",
                          },
                          Object {
                            "label": "CHF 100",
                            "value": "4",
                          },
                          Object {
                            "label": "CHF 500",
                            "value": "5",
                          },
                          Object {
                            "label": "CHF 1'000",
                            "value": "6",
                          },
                        ]
                      }
                      step={1}
                      values={
                        Array [
                          "2",
                          "5",
                        ]
                      }
                    >
                      <div
                        className=""
                      >
                        <Slider
                          crossThumbs={false}
                          label="Slider with array values"
                          minDistance={1}
                          mouseThreshold={50}
                          multiple={true}
                          onChange={[Function]}
                          prefix={
                            Array [
                              "From ",
                              "To ",
                            ]
                          }
                          range={
                            Array [
                              Object {
                                "label": "CHF 25",
                                "value": "1",
                              },
                              Object {
                                "label": "CHF 35",
                                "value": "2",
                              },
                              Object {
                                "label": "CHF 50",
                                "value": "3",
                              },
                              Object {
                                "label": "CHF 100",
                                "value": "4",
                              },
                              Object {
                                "label": "CHF 500",
                                "value": "5",
                              },
                              Object {
                                "label": "CHF 1'000",
                                "value": "6",
                              },
                            ]
                          }
                          step={1}
                          suffix=""
                          template=""
                          values={
                            Array [
                              "2",
                              "5",
                            ]
                          }
                        >
                          <span>
                            <span>
                              <span>
                                Slider with array values
                              </span>
                              <span
                                key="minval"
                              >
                                From  CHF 35
                              </span>
                              <span
                                key="maxval"
                              >
                                To  CHF 500
                              </span>
                            </span>
                            <span
                              key="min"
                              name="min"
                              onMouseDown={[Function]}
                              onTouchMove={[Function]}
                              onTouchStart={[Function]}
                              style={
                                Object {
                                  "left": "20%",
                                }
                              }
                              tabIndex={1}
                            />
                            <input
                              key="hidden-min"
                              type="hidden"
                              value={
                                Object {
                                  "input": undefined,
                                  "position": 20,
                                  "range": 1,
                                  "value": 2,
                                }
                              }
                            />
                            <span
                              key="max"
                              name="max"
                              onMouseDown={[Function]}
                              onTouchMove={[Function]}
                              onTouchStart={[Function]}
                              style={
                                Object {
                                  "left": "80%",
                                }
                              }
                              tabIndex={1}
                            />
                            <input
                              key="hidden-max"
                              type="hidden"
                              value={
                                Object {
                                  "input": undefined,
                                  "position": 80,
                                  "range": 6,
                                  "value": 5,
                                }
                              }
                            />
                          </span>
                        </Slider>
                      </div>
                    </WithWrapper>
                  </div>
                  <div>
                    <WithWrapper
                      label="Slider placeholder"
                      minDistance={1}
                      mouseThreshold={10}
                      multiple={true}
                      prefix={
                        Array [
                          "From ",
                          "To ",
                        ]
                      }
                      range={
                        Array [
                          Object {
                            "label": "CHF 25",
                            "value": "1",
                          },
                          Object {
                            "label": "CHF 35",
                            "value": "2",
                          },
                          Object {
                            "label": "CHF 50",
                            "value": "3",
                          },
                          Object {
                            "label": "CHF 100",
                            "value": "4",
                          },
                          Object {
                            "label": "CHF 500",
                            "value": "5",
                          },
                          Object {
                            "label": "CHF 1'000",
                            "value": "6",
                          },
                        ]
                      }
                      step={1}
                      values={
                        Array [
                          null,
                          null,
                        ]
                      }
                    >
                      <div
                        className=""
                      >
                        <Slider
                          crossThumbs={false}
                          label="Slider placeholder"
                          minDistance={1}
                          mouseThreshold={10}
                          multiple={true}
                          onChange={[Function]}
                          prefix={
                            Array [
                              "From ",
                              "To ",
                            ]
                          }
                          range={
                            Array [
                              Object {
                                "label": "CHF 25",
                                "value": "1",
                              },
                              Object {
                                "label": "CHF 35",
                                "value": "2",
                              },
                              Object {
                                "label": "CHF 50",
                                "value": "3",
                              },
                              Object {
                                "label": "CHF 100",
                                "value": "4",
                              },
                              Object {
                                "label": "CHF 500",
                                "value": "5",
                              },
                              Object {
                                "label": "CHF 1'000",
                                "value": "6",
                              },
                            ]
                          }
                          step={1}
                          suffix=""
                          template=""
                          values={
                            Array [
                              null,
                              null,
                            ]
                          }
                        >
                          <span>
                            <span>
                              <span>
                                Slider placeholder
                              </span>
                            </span>
                            <span
                              key="min"
                              name="min"
                              onMouseDown={[Function]}
                              onTouchMove={[Function]}
                              onTouchStart={[Function]}
                              style={
                                Object {
                                  "left": "0%",
                                }
                              }
                              tabIndex={1}
                            />
                            <input
                              key="hidden-min"
                              type="hidden"
                              value={
                                Object {
                                  "input": undefined,
                                  "position": 0,
                                  "range": 1,
                                  "value": NaN,
                                }
                              }
                            />
                            <span
                              key="max"
                              name="max"
                              onMouseDown={[Function]}
                              onTouchMove={[Function]}
                              onTouchStart={[Function]}
                              style={
                                Object {
                                  "left": "100%",
                                }
                              }
                              tabIndex={1}
                            />
                            <input
                              key="hidden-max"
                              type="hidden"
                              value={
                                Object {
                                  "input": undefined,
                                  "position": 100,
                                  "range": 6,
                                  "value": NaN,
                                }
                              }
                            />
                          </span>
                        </Slider>
                      </div>
                    </WithWrapper>
                  </div>
                </td>
              </Component>
            </tr>
          </Component>
          <Component>
            <tr>
              <Component>
                <td>
                  <h3>
                    Checkbox
                  </h3>
                </td>
              </Component>
              <Component
                colSpan={4}
              >
                <td
                  colSpan={4}
                >
                  <WithWrapper
                    checked={true}
                    label="Red"
                    value="red"
                  >
                    <div
                      className=""
                    >
                      <InputCheckbox
                        checked={true}
                        label="Red"
                        onChange={[Function]}
                        value="red"
                      >
                        <span
                          onClick={[Function]}
                        >
                          <input
                            checked={true}
                            onChange={[Function]}
                            type="checkbox"
                          />
                          <span>
                            Red
                          </span>
                        </span>
                      </InputCheckbox>
                    </div>
                  </WithWrapper>
                  <WithWrapper
                    checked={true}
                    label="Blue"
                    value="blue"
                  >
                    <div
                      className=""
                    >
                      <InputCheckbox
                        checked={true}
                        label="Blue"
                        onChange={[Function]}
                        value="blue"
                      >
                        <span
                          onClick={[Function]}
                        >
                          <input
                            checked={true}
                            onChange={[Function]}
                            type="checkbox"
                          />
                          <span>
                            Blue
                          </span>
                        </span>
                      </InputCheckbox>
                    </div>
                  </WithWrapper>
                  <WithWrapper
                    label="Green"
                    value="green"
                  >
                    <div
                      className=""
                    >
                      <InputCheckbox
                        checked={false}
                        label="Green"
                        onChange={[Function]}
                        value="green"
                      >
                        <span
                          onClick={[Function]}
                        >
                          <input
                            checked={false}
                            onChange={[Function]}
                            type="checkbox"
                          />
                          <span>
                            Green
                          </span>
                        </span>
                      </InputCheckbox>
                    </div>
                  </WithWrapper>
                </td>
              </Component>
            </tr>
          </Component>
          <Component>
            <tr>
              <Component>
                <td>
                  <h3>
                    Button Group
                  </h3>
                </td>
              </Component>
              <Component
                colSpan={4}
              >
                <td
                  colSpan={4}
                >
                  <InputGroup>
                    <WithWrapper
                      checked={true}
                      key=".0"
                      label="React.js"
                      name="r1"
                      onChange={[Function]}
                      value={10}
                    >
                      <div
                        className=""
                      >
                        <InputRadio
                          checked={true}
                          label="React.js"
                          name="r1"
                          onChange={[Function]}
                          value={10}
                        >
                          <span
                            onClick={[Function]}
                          >
                            <input
                              checked={true}
                              name="r1"
                              onChange={[Function]}
                              type="radio"
                            />
                            <span>
                              React.js
                            </span>
                          </span>
                        </InputRadio>
                      </div>
                    </WithWrapper>
                    <WithWrapper
                      checked={false}
                      key=".1"
                      label="Vue.js"
                      name="r1"
                      onChange={[Function]}
                      value={10}
                    >
                      <div
                        className=""
                      >
                        <InputRadio
                          checked={false}
                          label="Vue.js"
                          name="r1"
                          onChange={[Function]}
                          value={10}
                        >
                          <span
                            onClick={[Function]}
                          >
                            <input
                              checked={false}
                              name="r1"
                              onChange={[Function]}
                              type="radio"
                            />
                            <span>
                              Vue.js
                            </span>
                          </span>
                        </InputRadio>
                      </div>
                    </WithWrapper>
                    <WithWrapper
                      checked={false}
                      key=".2"
                      label="Angular.js"
                      name="r1"
                      onChange={[Function]}
                      value={10}
                    >
                      <div
                        className=""
                      >
                        <InputRadio
                          checked={false}
                          label="Angular.js"
                          name="r1"
                          onChange={[Function]}
                          value={10}
                        >
                          <span
                            onClick={[Function]}
                          >
                            <input
                              checked={false}
                              name="r1"
                              onChange={[Function]}
                              type="radio"
                            />
                            <span>
                              Angular.js
                            </span>
                          </span>
                        </InputRadio>
                      </div>
                    </WithWrapper>
                  </InputGroup>
                </td>
              </Component>
            </tr>
          </Component>
          <Component>
            <tr>
              <Component>
                <td>
                  <h3>
                    Textarea
                  </h3>
                </td>
              </Component>
              <Component
                colSpan={4}
              >
                <td
                  colSpan={4}
                >
                  <WithWrapper
                    label="This is a textarea"
                  >
                    <div
                      className="undefined"
                    >
                      <Textarea
                        onChange={[Function]}
                        value=""
                      >
                        <textarea
                          onBlur={[Function]}
                          onChange={[Function]}
                          onKeyUp={[Function]}
                          value=""
                        />
                      </Textarea>
                      <span>
                        This is a textarea
                      </span>
                    </div>
                  </WithWrapper>
                </td>
              </Component>
            </tr>
          </Component>
          <Component>
            <tr>
              <Component>
                <td>
                  Dropdown
                </td>
              </Component>
              <Component
                colSpan={4}
              >
                <td
                  colSpan={4}
                >
                  <WithWrapper
                    label="Block select input"
                    options={
                      Array [
                        Object {
                          "text": "React.js",
                          "value": "React.js",
                        },
                        Object {
                          "text": "Vue.js",
                          "value": "Vue.js",
                        },
                        Object {
                          "text": "Angular.js",
                          "value": "Angular.js",
                        },
                        Object {
                          "text": "jQuery",
                          "value": "jQuery",
                        },
                        Object {
                          "text": "Knockout",
                          "value": "Knockout",
                        },
                        Object {
                          "text": "Backbone",
                          "value": "Backbone",
                        },
                        Object {
                          "text": "Ember",
                          "value": "Ember",
                        },
                        Object {
                          "text": "Bootstrap",
                          "value": "Bootstrap",
                        },
                        Object {
                          "text": "Other",
                          "value": "Other",
                        },
                      ]
                    }
                    placeholder="Favorite framework"
                  >
                    <div
                      className="undefined"
                    >
                      <Select
                        multiple={false}
                        onChange={[Function]}
                        options={
                          Array [
                            Object {
                              "text": "React.js",
                              "value": "React.js",
                            },
                            Object {
                              "text": "Vue.js",
                              "value": "Vue.js",
                            },
                            Object {
                              "text": "Angular.js",
                              "value": "Angular.js",
                            },
                            Object {
                              "text": "jQuery",
                              "value": "jQuery",
                            },
                            Object {
                              "text": "Knockout",
                              "value": "Knockout",
                            },
                            Object {
                              "text": "Backbone",
                              "value": "Backbone",
                            },
                            Object {
                              "text": "Ember",
                              "value": "Ember",
                            },
                            Object {
                              "text": "Bootstrap",
                              "value": "Bootstrap",
                            },
                            Object {
                              "text": "Other",
                              "value": "Other",
                            },
                          ]
                        }
                        placeholder="Favorite framework"
                        size="medium"
                      >
                        <OutsideClickable
                          onOutsideClick={[Function]}
                        >
                          <div
                            className="undefined"
                            onClick={[Function]}
                          >
                            <div
                              className=""
                              onBlur={[Function]}
                              onFocus={[Function]}
                              tabIndex={0}
                            >
                              <div
                                className=""
                              >
                                <Option
                                  key="null"
                                  multiple={false}
                                  selected={false}
                                  text="Favorite framework"
                                  value={null}
                                >
                                  <div
                                    className="undefined"
                                    key="null"
                                    onClick={[Function]}
                                  >
                                    <span>
                                      Favorite framework
                                    </span>
                                  </div>
                                </Option>
                              </div>
                              <div
                                className=""
                              >
                                <Option
                                  highlighted={false}
                                  key="opt-React.js"
                                  multiple={false}
                                  onClick={[Function]}
                                  selected={false}
                                  text="React.js"
                                  value="React.js"
                                >
                                  <div
                                    className=""
                                    key="React.js"
                                    onClick={[Function]}
                                  >
                                    <span>
                                      React.js
                                    </span>
                                  </div>
                                </Option>
                                <Option
                                  highlighted={false}
                                  key="opt-Vue.js"
                                  multiple={false}
                                  onClick={[Function]}
                                  selected={false}
                                  text="Vue.js"
                                  value="Vue.js"
                                >
                                  <div
                                    className=""
                                    key="Vue.js"
                                    onClick={[Function]}
                                  >
                                    <span>
                                      Vue.js
                                    </span>
                                  </div>
                                </Option>
                                <Option
                                  highlighted={false}
                                  key="opt-Angular.js"
                                  multiple={false}
                                  onClick={[Function]}
                                  selected={false}
                                  text="Angular.js"
                                  value="Angular.js"
                                >
                                  <div
                                    className=""
                                    key="Angular.js"
                                    onClick={[Function]}
                                  >
                                    <span>
                                      Angular.js
                                    </span>
                                  </div>
                                </Option>
                                <Option
                                  highlighted={false}
                                  key="opt-jQuery"
                                  multiple={false}
                                  onClick={[Function]}
                                  selected={false}
                                  text="jQuery"
                                  value="jQuery"
                                >
                                  <div
                                    className=""
                                    key="jQuery"
                                    onClick={[Function]}
                                  >
                                    <span>
                                      jQuery
                                    </span>
                                  </div>
                                </Option>
                                <Option
                                  highlighted={false}
                                  key="opt-Knockout"
                                  multiple={false}
                                  onClick={[Function]}
                                  selected={false}
                                  text="Knockout"
                                  value="Knockout"
                                >
                                  <div
                                    className=""
                                    key="Knockout"
                                    onClick={[Function]}
                                  >
                                    <span>
                                      Knockout
                                    </span>
                                  </div>
                                </Option>
                                <Option
                                  highlighted={false}
                                  key="opt-Backbone"
                                  multiple={false}
                                  onClick={[Function]}
                                  selected={false}
                                  text="Backbone"
                                  value="Backbone"
                                >
                                  <div
                                    className=""
                                    key="Backbone"
                                    onClick={[Function]}
                                  >
                                    <span>
                                      Backbone
                                    </span>
                                  </div>
                                </Option>
                                <Option
                                  highlighted={false}
                                  key="opt-Ember"
                                  multiple={false}
                                  onClick={[Function]}
                                  selected={false}
                                  text="Ember"
                                  value="Ember"
                                >
                                  <div
                                    className=""
                                    key="Ember"
                                    onClick={[Function]}
                                  >
                                    <span>
                                      Ember
                                    </span>
                                  </div>
                                </Option>
                                <Option
                                  highlighted={false}
                                  key="opt-Bootstrap"
                                  multiple={false}
                                  onClick={[Function]}
                                  selected={false}
                                  text="Bootstrap"
                                  value="Bootstrap"
                                >
                                  <div
                                    className=""
                                    key="Bootstrap"
                                    onClick={[Function]}
                                  >
                                    <span>
                                      Bootstrap
                                    </span>
                                  </div>
                                </Option>
                                <Option
                                  highlighted={false}
                                  key="opt-Other"
                                  multiple={false}
                                  onClick={[Function]}
                                  selected={false}
                                  text="Other"
                                  value="Other"
                                >
                                  <div
                                    className=""
                                    key="Other"
                                    onClick={[Function]}
                                  >
                                    <span>
                                      Other
                                    </span>
                                  </div>
                                </Option>
                              </div>
                              <input
                                type="hidden"
                                value=""
                              />
                            </div>
                          </div>
                        </OutsideClickable>
                      </Select>
                      <span>
                        Block select input
                      </span>
                    </div>
                  </WithWrapper>
                  <WithWrapper
                    label="Multiple select input"
                    multiple={true}
                    options={
                      Array [
                        Object {
                          "text": "React.js",
                          "value": "React.js",
                        },
                        Object {
                          "text": "Vue.js",
                          "value": "Vue.js",
                        },
                        Object {
                          "text": "Angular.js",
                          "value": "Angular.js",
                        },
                        Object {
                          "text": "jQuery",
                          "value": "jQuery",
                        },
                        Object {
                          "text": "Knockout",
                          "value": "Knockout",
                        },
                        Object {
                          "text": "Backbone",
                          "value": "Backbone",
                        },
                        Object {
                          "text": "Ember",
                          "value": "Ember",
                        },
                        Object {
                          "text": "Bootstrap",
                          "value": "Bootstrap",
                        },
                        Object {
                          "text": "Other",
                          "value": "Other",
                        },
                      ]
                    }
                    placeholder="Favorite framework"
                  >
                    <div
                      className="undefined"
                    >
                      <Select
                        multiple={true}
                        onChange={[Function]}
                        options={
                          Array [
                            Object {
                              "text": "React.js",
                              "value": "React.js",
                            },
                            Object {
                              "text": "Vue.js",
                              "value": "Vue.js",
                            },
                            Object {
                              "text": "Angular.js",
                              "value": "Angular.js",
                            },
                            Object {
                              "text": "jQuery",
                              "value": "jQuery",
                            },
                            Object {
                              "text": "Knockout",
                              "value": "Knockout",
                            },
                            Object {
                              "text": "Backbone",
                              "value": "Backbone",
                            },
                            Object {
                              "text": "Ember",
                              "value": "Ember",
                            },
                            Object {
                              "text": "Bootstrap",
                              "value": "Bootstrap",
                            },
                            Object {
                              "text": "Other",
                              "value": "Other",
                            },
                          ]
                        }
                        placeholder="Favorite framework"
                        size="medium"
                      >
                        <OutsideClickable
                          onOutsideClick={[Function]}
                        >
                          <div
                            className="undefined"
                            onClick={[Function]}
                          >
                            <div
                              className=""
                              onBlur={[Function]}
                              onFocus={[Function]}
                              tabIndex={0}
                            >
                              <div
                                className=""
                              >
                                <Option
                                  key="null"
                                  multiple={true}
                                  selected={false}
                                  text="Favorite framework"
                                  value={null}
                                >
                                  <div
                                    className="undefined"
                                    key="null"
                                    onClick={[Function]}
                                  >
                                    <span>
                                      Favorite framework
                                    </span>
                                    <span
                                      className="ico ico-close undefined"
                                    />
                                    <span
                                      className="ico ico-tick undefined"
                                    />
                                  </div>
                                </Option>
                              </div>
                              <div
                                className=""
                              >
                                <Option
                                  highlighted={false}
                                  key="opt-React.js"
                                  multiple={true}
                                  onClick={[Function]}
                                  selected={false}
                                  text="React.js"
                                  value="React.js"
                                >
                                  <div
                                    className=""
                                    key="React.js"
                                    onClick={[Function]}
                                  >
                                    <span>
                                      React.js
                                    </span>
                                    <span
                                      className="ico ico-close undefined"
                                    />
                                    <span
                                      className="ico ico-tick undefined"
                                    />
                                  </div>
                                </Option>
                                <Option
                                  highlighted={false}
                                  key="opt-Vue.js"
                                  multiple={true}
                                  onClick={[Function]}
                                  selected={false}
                                  text="Vue.js"
                                  value="Vue.js"
                                >
                                  <div
                                    className=""
                                    key="Vue.js"
                                    onClick={[Function]}
                                  >
                                    <span>
                                      Vue.js
                                    </span>
                                    <span
                                      className="ico ico-close undefined"
                                    />
                                    <span
                                      className="ico ico-tick undefined"
                                    />
                                  </div>
                                </Option>
                                <Option
                                  highlighted={false}
                                  key="opt-Angular.js"
                                  multiple={true}
                                  onClick={[Function]}
                                  selected={false}
                                  text="Angular.js"
                                  value="Angular.js"
                                >
                                  <div
                                    className=""
                                    key="Angular.js"
                                    onClick={[Function]}
                                  >
                                    <span>
                                      Angular.js
                                    </span>
                                    <span
                                      className="ico ico-close undefined"
                                    />
                                    <span
                                      className="ico ico-tick undefined"
                                    />
                                  </div>
                                </Option>
                                <Option
                                  highlighted={false}
                                  key="opt-jQuery"
                                  multiple={true}
                                  onClick={[Function]}
                                  selected={false}
                                  text="jQuery"
                                  value="jQuery"
                                >
                                  <div
                                    className=""
                                    key="jQuery"
                                    onClick={[Function]}
                                  >
                                    <span>
                                      jQuery
                                    </span>
                                    <span
                                      className="ico ico-close undefined"
                                    />
                                    <span
                                      className="ico ico-tick undefined"
                                    />
                                  </div>
                                </Option>
                                <Option
                                  highlighted={false}
                                  key="opt-Knockout"
                                  multiple={true}
                                  onClick={[Function]}
                                  selected={false}
                                  text="Knockout"
                                  value="Knockout"
                                >
                                  <div
                                    className=""
                                    key="Knockout"
                                    onClick={[Function]}
                                  >
                                    <span>
                                      Knockout
                                    </span>
                                    <span
                                      className="ico ico-close undefined"
                                    />
                                    <span
                                      className="ico ico-tick undefined"
                                    />
                                  </div>
                                </Option>
                                <Option
                                  highlighted={false}
                                  key="opt-Backbone"
                                  multiple={true}
                                  onClick={[Function]}
                                  selected={false}
                                  text="Backbone"
                                  value="Backbone"
                                >
                                  <div
                                    className=""
                                    key="Backbone"
                                    onClick={[Function]}
                                  >
                                    <span>
                                      Backbone
                                    </span>
                                    <span
                                      className="ico ico-close undefined"
                                    />
                                    <span
                                      className="ico ico-tick undefined"
                                    />
                                  </div>
                                </Option>
                                <Option
                                  highlighted={false}
                                  key="opt-Ember"
                                  multiple={true}
                                  onClick={[Function]}
                                  selected={false}
                                  text="Ember"
                                  value="Ember"
                                >
                                  <div
                                    className=""
                                    key="Ember"
                                    onClick={[Function]}
                                  >
                                    <span>
                                      Ember
                                    </span>
                                    <span
                                      className="ico ico-close undefined"
                                    />
                                    <span
                                      className="ico ico-tick undefined"
                                    />
                                  </div>
                                </Option>
                                <Option
                                  highlighted={false}
                                  key="opt-Bootstrap"
                                  multiple={true}
                                  onClick={[Function]}
                                  selected={false}
                                  text="Bootstrap"
                                  value="Bootstrap"
                                >
                                  <div
                                    className=""
                                    key="Bootstrap"
                                    onClick={[Function]}
                                  >
                                    <span>
                                      Bootstrap
                                    </span>
                                    <span
                                      className="ico ico-close undefined"
                                    />
                                    <span
                                      className="ico ico-tick undefined"
                                    />
                                  </div>
                                </Option>
                                <Option
                                  highlighted={false}
                                  key="opt-Other"
                                  multiple={true}
                                  onClick={[Function]}
                                  selected={false}
                                  text="Other"
                                  value="Other"
                                >
                                  <div
                                    className=""
                                    key="Other"
                                    onClick={[Function]}
                                  >
                                    <span>
                                      Other
                                    </span>
                                    <span
                                      className="ico ico-close undefined"
                                    />
                                    <span
                                      className="ico ico-tick undefined"
                                    />
                                  </div>
                                </Option>
                              </div>
                              <input
                                type="hidden"
                                value=""
                              />
                            </div>
                          </div>
                        </OutsideClickable>
                      </Select>
                      <span>
                        Multiple select input
                      </span>
                    </div>
                  </WithWrapper>
                  <WithWrapper
                    inline={true}
                    label="Inline select input"
                    options={
                      Array [
                        Object {
                          "text": "React.js",
                          "value": "React.js",
                        },
                        Object {
                          "text": "Vue.js",
                          "value": "Vue.js",
                        },
                        Object {
                          "text": "Angular.js",
                          "value": "Angular.js",
                        },
                        Object {
                          "text": "jQuery",
                          "value": "jQuery",
                        },
                        Object {
                          "text": "Knockout",
                          "value": "Knockout",
                        },
                        Object {
                          "text": "Backbone",
                          "value": "Backbone",
                        },
                        Object {
                          "text": "Ember",
                          "value": "Ember",
                        },
                        Object {
                          "text": "Bootstrap",
                          "value": "Bootstrap",
                        },
                        Object {
                          "text": "Other",
                          "value": "Other",
                        },
                      ]
                    }
                    placeholder="Favorite framework"
                  >
                    <div
                      className="undefined"
                    >
                      <Select
                        multiple={false}
                        onChange={[Function]}
                        options={
                          Array [
                            Object {
                              "text": "React.js",
                              "value": "React.js",
                            },
                            Object {
                              "text": "Vue.js",
                              "value": "Vue.js",
                            },
                            Object {
                              "text": "Angular.js",
                              "value": "Angular.js",
                            },
                            Object {
                              "text": "jQuery",
                              "value": "jQuery",
                            },
                            Object {
                              "text": "Knockout",
                              "value": "Knockout",
                            },
                            Object {
                              "text": "Backbone",
                              "value": "Backbone",
                            },
                            Object {
                              "text": "Ember",
                              "value": "Ember",
                            },
                            Object {
                              "text": "Bootstrap",
                              "value": "Bootstrap",
                            },
                            Object {
                              "text": "Other",
                              "value": "Other",
                            },
                          ]
                        }
                        placeholder="Favorite framework"
                        size="medium"
                      >
                        <OutsideClickable
                          onOutsideClick={[Function]}
                        >
                          <div
                            className="undefined"
                            onClick={[Function]}
                          >
                            <div
                              className=""
                              onBlur={[Function]}
                              onFocus={[Function]}
                              tabIndex={0}
                            >
                              <div
                                className=""
                              >
                                <Option
                                  key="null"
                                  multiple={false}
                                  selected={false}
                                  text="Favorite framework"
                                  value={null}
                                >
                                  <div
                                    className="undefined"
                                    key="null"
                                    onClick={[Function]}
                                  >
                                    <span>
                                      Favorite framework
                                    </span>
                                  </div>
                                </Option>
                              </div>
                              <div
                                className=""
                              >
                                <Option
                                  highlighted={false}
                                  key="opt-React.js"
                                  multiple={false}
                                  onClick={[Function]}
                                  selected={false}
                                  text="React.js"
                                  value="React.js"
                                >
                                  <div
                                    className=""
                                    key="React.js"
                                    onClick={[Function]}
                                  >
                                    <span>
                                      React.js
                                    </span>
                                  </div>
                                </Option>
                                <Option
                                  highlighted={false}
                                  key="opt-Vue.js"
                                  multiple={false}
                                  onClick={[Function]}
                                  selected={false}
                                  text="Vue.js"
                                  value="Vue.js"
                                >
                                  <div
                                    className=""
                                    key="Vue.js"
                                    onClick={[Function]}
                                  >
                                    <span>
                                      Vue.js
                                    </span>
                                  </div>
                                </Option>
                                <Option
                                  highlighted={false}
                                  key="opt-Angular.js"
                                  multiple={false}
                                  onClick={[Function]}
                                  selected={false}
                                  text="Angular.js"
                                  value="Angular.js"
                                >
                                  <div
                                    className=""
                                    key="Angular.js"
                                    onClick={[Function]}
                                  >
                                    <span>
                                      Angular.js
                                    </span>
                                  </div>
                                </Option>
                                <Option
                                  highlighted={false}
                                  key="opt-jQuery"
                                  multiple={false}
                                  onClick={[Function]}
                                  selected={false}
                                  text="jQuery"
                                  value="jQuery"
                                >
                                  <div
                                    className=""
                                    key="jQuery"
                                    onClick={[Function]}
                                  >
                                    <span>
                                      jQuery
                                    </span>
                                  </div>
                                </Option>
                                <Option
                                  highlighted={false}
                                  key="opt-Knockout"
                                  multiple={false}
                                  onClick={[Function]}
                                  selected={false}
                                  text="Knockout"
                                  value="Knockout"
                                >
                                  <div
                                    className=""
                                    key="Knockout"
                                    onClick={[Function]}
                                  >
                                    <span>
                                      Knockout
                                    </span>
                                  </div>
                                </Option>
                                <Option
                                  highlighted={false}
                                  key="opt-Backbone"
                                  multiple={false}
                                  onClick={[Function]}
                                  selected={false}
                                  text="Backbone"
                                  value="Backbone"
                                >
                                  <div
                                    className=""
                                    key="Backbone"
                                    onClick={[Function]}
                                  >
                                    <span>
                                      Backbone
                                    </span>
                                  </div>
                                </Option>
                                <Option
                                  highlighted={false}
                                  key="opt-Ember"
                                  multiple={false}
                                  onClick={[Function]}
                                  selected={false}
                                  text="Ember"
                                  value="Ember"
                                >
                                  <div
                                    className=""
                                    key="Ember"
                                    onClick={[Function]}
                                  >
                                    <span>
                                      Ember
                                    </span>
                                  </div>
                                </Option>
                                <Option
                                  highlighted={false}
                                  key="opt-Bootstrap"
                                  multiple={false}
                                  onClick={[Function]}
                                  selected={false}
                                  text="Bootstrap"
                                  value="Bootstrap"
                                >
                                  <div
                                    className=""
                                    key="Bootstrap"
                                    onClick={[Function]}
                                  >
                                    <span>
                                      Bootstrap
                                    </span>
                                  </div>
                                </Option>
                                <Option
                                  highlighted={false}
                                  key="opt-Other"
                                  multiple={false}
                                  onClick={[Function]}
                                  selected={false}
                                  text="Other"
                                  value="Other"
                                >
                                  <div
                                    className=""
                                    key="Other"
                                    onClick={[Function]}
                                  >
                                    <span>
                                      Other
                                    </span>
                                  </div>
                                </Option>
                              </div>
                              <input
                                type="hidden"
                                value=""
                              />
                            </div>
                          </div>
                        </OutsideClickable>
                      </Select>
                      <span>
                        Inline select input
                      </span>
                    </div>
                  </WithWrapper>
                </td>
              </Component>
            </tr>
          </Component>
        </tbody>
      </Component>
    </table>
  </Table>
</Component>
`;
