// Jest Snapshot v1, https://goo.gl/fbAQLP

exports[`(Components) Logo should match the snapshot 1`] = `
<Logo>
  <div
    className="logo"
  >
    <div
      className="symbolBox"
    >
      <Image
        alt="tutti.ch"
        className="symbolSquare"
        src="mockimage"
      />
      <Image
        alt="tutti.ch"
        className="symbolT"
        src="mockimage"
      />
    </div>
    <Image
      alt="tutti.ch"
      className="font"
      src="mockimage"
    />
    <Image
      alt="tutti.ch"
      className="fallback"
      src="mockimage"
    />
  </div>
</Logo>
`;
